[     331ms] [INFO] %cDownload the React DevTools for a better development experience: https://react.dev/link/react-devtools font-weight:bold @ http://localhost:3000/_next/static/chunks/node_modules_next_dist_compiled_2ce9398a._.js:16329
[     604ms] [LOG] [Fast Refresh] rebuilding @ http://localhost:3000/_next/static/chunks/node_modules_next_dist_client_fdf37019._.js:14731
[     610ms] [LOG] [Fast Refresh] done in 6ms @ http://localhost:3000/_next/static/chunks/node_modules_next_dist_client_fdf37019._.js:14560
[     618ms] [LOG] [Fast Refresh] rebuilding @ http://localhost:3000/_next/static/chunks/node_modules_next_dist_client_fdf37019._.js:14731
[     633ms] [LOG] [Fast Refresh] done in 16ms @ http://localhost:3000/_next/static/chunks/node_modules_next_dist_client_fdf37019._.js:14560
[     665ms] [LOG] [Fast Refresh] rebuilding @ http://localhost:3000/_next/static/chunks/node_modules_next_dist_client_fdf37019._.js:14731
[     780ms] [LOG] [Fast Refresh] done in 114ms @ http://localhost:3000/_next/static/chunks/node_modules_next_dist_client_fdf37019._.js:14560
[     812ms] [LOG] [Fast Refresh] rebuilding @ http://localhost:3000/_next/static/chunks/node_modules_next_dist_client_fdf37019._.js:14731
[     852ms] [LOG] [Fast Refresh] done in 40ms @ http://localhost:3000/_next/static/chunks/node_modules_next_dist_client_fdf37019._.js:14560
[    1093ms] [LOG] [useWebSocket] Waiting for auth token before connecting @ http://localhost:3000/_next/static/chunks/_62ac2748._.js:7986
[    1100ms] [LOG] [useWebSocket] Waiting for auth token before connecting @ http://localhost:3000/_next/static/chunks/_62ac2748._.js:7986
[    1307ms] [LOG] [Fast Refresh] rebuilding @ http://localhost:3000/_next/static/chunks/node_modules_next_dist_client_fdf37019._.js:14731
[    1324ms] [LOG] [Fast Refresh] done in 18ms @ http://localhost:3000/_next/static/chunks/node_modules_next_dist_client_fdf37019._.js:14560
[    1330ms] [LOG] [Fast Refresh] rebuilding @ http://localhost:3000/_next/static/chunks/node_modules_next_dist_client_fdf37019._.js:14731
[    1334ms] [LOG] [Fast Refresh] done in 4ms @ http://localhost:3000/_next/static/chunks/node_modules_next_dist_client_fdf37019._.js:14560
[    1340ms] [LOG] [Fast Refresh] rebuilding @ http://localhost:3000/_next/static/chunks/node_modules_next_dist_client_fdf37019._.js:14731
[    1352ms] [LOG] [Fast Refresh] done in 11ms @ http://localhost:3000/_next/static/chunks/node_modules_next_dist_client_fdf37019._.js:14560
[    1366ms] [ERROR] Failed to load resource: the server responded with a status of 401 () @ http://localhost:8080/api/v1/me/profiles:0
[    1367ms] [ERROR] Failed to load resource: the server responded with a status of 401 () @ http://localhost:8080/api/v1/properties/attributes:0
[    1367ms] [LOG] [Fast Refresh] rebuilding @ http://localhost:3000/_next/static/chunks/node_modules_next_dist_client_fdf37019._.js:14731
[    1606ms] [LOG] [Fast Refresh] done in 238ms @ http://localhost:3000/_next/static/chunks/node_modules_next_dist_client_fdf37019._.js:14560
[    2617ms] [LOG] [Fast Refresh] rebuilding @ http://localhost:3000/_next/static/chunks/node_modules_next_dist_client_fdf37019._.js:14731
[    2711ms] [LOG] [Fast Refresh] done in 93ms @ http://localhost:3000/_next/static/chunks/node_modules_next_dist_client_fdf37019._.js:14560
[    2718ms] [LOG] [Fast Refresh] rebuilding @ http://localhost:3000/_next/static/chunks/node_modules_next_dist_client_fdf37019._.js:14731
[    2728ms] [ERROR] Failed to load resource: the server responded with a status of 401 () @ http://localhost:8080/api/v1/me/profiles:0
[    2731ms] [ERROR] Failed to load resource: the server responded with a status of 401 () @ http://localhost:8080/api/v1/properties/attributes:0
[    2782ms] [LOG] [Fast Refresh] done in 64ms @ http://localhost:3000/_next/static/chunks/node_modules_next_dist_client_fdf37019._.js:14560
[   20793ms] [LOG] [Fast Refresh] rebuilding @ http://localhost:3000/_next/static/chunks/node_modules_next_dist_client_fdf37019._.js:14731
[   20807ms] [LOG] [Fast Refresh] done in 14ms @ http://localhost:3000/_next/static/chunks/node_modules_next_dist_client_fdf37019._.js:14560
